Microsoft (R) Macro Assembler Version 14.00.24234.1	    03/03/21 19:30:01
perimeter.asm						     Page 1 - 1


				; Calculate the perimeter of a Rectangle

				.586
				.MODEL FLAT
				.STACK 4096

 00000000			.DATA
 00000000 0000000F		wide		DWORD	15
 00000004 0000001B		height		DWORD	27
 00000008 00000000		perimeter	DWORD	?

 00000000			.CODE
 00000000			main6		PROC
 00000000  A1 00000000 R				mov eax, wide
 00000005  03 05 00000000 R				add eax, wide
 0000000B  8B 1D 00000004 R				mov ebx, height
 00000011  03 1D 00000004 R				add ebx, height
 00000017  03 C3					add eax, ebx
 00000019  A3 00000008 R				mov perimeter, eax

 0000001E  B8 00000000					mov eax, 0
 00000023  C3						ret
 00000024			main6		ENDP
				END
Microsoft (R) Macro Assembler Version 14.00.24234.1	    03/03/21 19:30:01
perimeter.asm						     Symbols 2 - 1




Segments and Groups:

                N a m e                 Size     Length   Align   Combine Class

FLAT . . . . . . . . . . . . . .	GROUP
STACK  . . . . . . . . . . . . .	32 Bit	 00001000 Para	  Stack	  'STACK'	 
_DATA  . . . . . . . . . . . . .	32 Bit	 0000000C Para	  Public  'DATA'	
_TEXT  . . . . . . . . . . . . .	32 Bit	 00000024 Para	  Public  'CODE'	


Procedures, parameters, and locals:

                N a m e                 Type     Value    Attr

main6  . . . . . . . . . . . . .	P Near	 00000000 _TEXT	Length= 00000024 Public


Symbols:

                N a m e                 Type     Value    Attr

@CodeSize  . . . . . . . . . . .	Number	 00000000h   
@DataSize  . . . . . . . . . . .	Number	 00000000h   
@Interface . . . . . . . . . . .	Number	 00000000h   
@Model . . . . . . . . . . . . .	Number	 00000007h   
@code  . . . . . . . . . . . . .	Text   	 _TEXT
@data  . . . . . . . . . . . . .	Text   	 FLAT
@fardata?  . . . . . . . . . . .	Text   	 FLAT
@fardata . . . . . . . . . . . .	Text   	 FLAT
@stack . . . . . . . . . . . . .	Text   	 FLAT
height . . . . . . . . . . . . .	DWord	 00000004 _DATA	
perimeter  . . . . . . . . . . .	DWord	 00000008 _DATA	
wide . . . . . . . . . . . . . .	DWord	 00000000 _DATA	

	   0 Warnings
	   0 Errors
