Microsoft (R) Macro Assembler Version 14.00.24234.1	    03/03/21 19:30:01
testing.asm						     Page 1 - 1


				.586
				.MODEL FLAT

				.STACK 4096

 00000000			.DATA
 00000000 FFFFFF97		number1		DWORD	-105
 00000004 0000009E		number2		DWORD	158
 00000008 00000000		sum			DWORD	?
 0000000C 00000000		diff		DWORD	?


 00000000			.CODE
 00000000			main432		PROC
							;number1	number2		sum			diff		eax
							;#FFFF FF97	0000 009E	0000 0000	0000 0000	undefined (random)
							
 00000000  A1 00000000 R				mov eax, number1	;copies the value located at memory location identified by number1 in the register eax
							;number1	number2		sum			diff		eax
							;FFFF FF97	0000 009E	0000 0000	0000 0000	FFFF FF97
							
 00000005  03 05 00000004 R				add eax, number2	;The value located at memory location identified by number2 is added to eax. The result is now stored in eax.
							;number1	number2		sum			diff		eax
							;FFFF FF97	0000 009E	0000 0000	0000 0000	0000 0035
							; Flags:	CF = 1 (There was a carry)
							;			ZF = 0 (The result is not 0)
							;			SF = 0 (The result is unsigned)
							;			OF = 0 (There was no overflow)
 0000000B  A3 00000008 R				mov sum, eax		;The value located in eax is copied in the memory location identified by sum.
							;number1	number2		sum			diff		eax
							;FFFF FF97	0000 009E	0000 0035	0000 0000	0000 0035

 00000010  05 FFFFFC18					add eax, -1000		;The value -1000 (FFFF FC18) is added to the value stored in eax. The result gets assigned to eax.
							;number1	number2		sum			diff		eax
							;FFFF FF97	0000 009E	0000 0035	0000 0000	FFFF FC4D
							
 00000015  A3 0000000C R				mov diff, eax		;The value stored in eax is copied into the memory location identified by diff.
							;number1	number2		sum			diff		eax
							;FFFF FF97	0000 009E	0000 0035	FFFF FC4D	FFFF FC4D

 0000001A  B8 00000000					mov eax, 0			;Eax gets cleaned up by copying the value 0000 0000 into it.
							;number1	number2		sum			diff		eax
							;FFFF FF97	0000 009E	0000 0035	FFFF FC4D	0000 0000

 0000001F  C3						ret					;Returns from the procedure.
 00000020			main432		ENDP

				END
Microsoft (R) Macro Assembler Version 14.00.24234.1	    03/03/21 19:30:01
testing.asm						     Symbols 2 - 1




Segments and Groups:

                N a m e                 Size     Length   Align   Combine Class

FLAT . . . . . . . . . . . . . .	GROUP
STACK  . . . . . . . . . . . . .	32 Bit	 00001000 Para	  Stack	  'STACK'	 
_DATA  . . . . . . . . . . . . .	32 Bit	 00000010 Para	  Public  'DATA'	
_TEXT  . . . . . . . . . . . . .	32 Bit	 00000020 Para	  Public  'CODE'	


Procedures, parameters, and locals:

                N a m e                 Type     Value    Attr

main432  . . . . . . . . . . . .	P Near	 00000000 _TEXT	Length= 00000020 Public


Symbols:

                N a m e                 Type     Value    Attr

@CodeSize  . . . . . . . . . . .	Number	 00000000h   
@DataSize  . . . . . . . . . . .	Number	 00000000h   
@Interface . . . . . . . . . . .	Number	 00000000h   
@Model . . . . . . . . . . . . .	Number	 00000007h   
@code  . . . . . . . . . . . . .	Text   	 _TEXT
@data  . . . . . . . . . . . . .	Text   	 FLAT
@fardata?  . . . . . . . . . . .	Text   	 FLAT
@fardata . . . . . . . . . . . .	Text   	 FLAT
@stack . . . . . . . . . . . . .	Text   	 FLAT
diff . . . . . . . . . . . . . .	DWord	 0000000C _DATA	
number1  . . . . . . . . . . . .	DWord	 00000000 _DATA	
number2  . . . . . . . . . . . .	DWord	 00000004 _DATA	
sum  . . . . . . . . . . . . . .	DWord	 00000008 _DATA	

	   0 Warnings
	   0 Errors
